// Jest Snapshot v1, https://goo.gl/fbAQLP

exports[`redis get 1`] = `"1"`;
